
> react-typescript-starter@0.1.0 test
> react-scripts test --coverage

Browserslist: caniuse-lite is outdated. Please run:
  npx browserslist@latest --update-db
  Why you should do it regularly: https://github.com/browserslist/browserslist#browsers-data-updating
PASS src/nested.test.ts
PASS src/arrays.test.ts
PASS src/objects.test.ts
PASS src/components/StartAttempt.test.tsx
PASS src/components/TwoDice.test.tsx
PASS src/bad-components/ChooseTeam.test.tsx
PASS src/bad-components/DoubleHalf.test.tsx
FAIL src/HtmlCss.test.tsx
  ● Some HTML Elements are added. › There is a header

    TestingLibraryElementError: Found multiple elements with the role "heading"

    Here are the matching elements:

    Ignored nodes: comments, <script />, <style />
    [36m<h3>[39m
      [0mDouble Half[0m
    [36m</h3>[39m

    Ignored nodes: comments, <script />, <style />
    [36m<h3>[39m
      [0mChoose Team[0m
    [36m</h3>[39m

    Ignored nodes: comments, <script />, <style />
    [36m<h3>[39m
      [0mColored Box[0m
    [36m</h3>[39m

    Ignored nodes: comments, <script />, <style />
    [36m<h3>[39m
      [0mShove Box[0m
    [36m</h3>[39m

    (If this is intentional, then use the `*AllBy*` variant of the query (like `queryAllByText`, `getAllByText`, or `findAllByText`)).

    Ignored nodes: comments, <script />, <style />
    [36m<body>[39m
      [36m<div>[39m
        [36m<div[39m
          [33mclass[39m=[32m"App"[39m
        [36m>[39m
          [36m<header[39m
            [33mclass[39m=[32m"App-header"[39m
          [36m>[39m
            [0mUD CISC275 with React Hooks and TypeScript, Sydni Wright[0m
          [36m</header>[39m
          [36m<span>[39m
            [36m<button[39m
              [33mclass[39m=[32m"btn btn-primary"[39m
              [33mtype[39m=[32m"button"[39m
            [36m>[39m
              [0mAdd One[0m
            [36m</button>[39m
            [0mto [0m
            [0m0[0m
            [0m.[0m
          [36m</span>[39m
          [36m<div>[39m
            [36m<button[39m
              [33mclass[39m=[32m"btn btn-primary"[39m
              [33mtype[39m=[32m"button"[39m
            [36m>[39m
              [0mReveal Answer[0m
            [36m</button>[39m
          [36m</div>[39m
          [36m<div>[39m
            [36m<button[39m
              [33mclass[39m=[32m"btn btn-primary"[39m
              [33mtype[39m=[32m"button"[39m
            [36m>[39m
              [0mChange Type[0m
            [36m</button>[39m
            [36m<div>[39m
              [0mShort Answer[0m
            [36m</div>[39m
          [36m</div>[39m
          [36m<div>[39m
            [36m<div>[39m
              [36m<button[39m
                [33mclass[39m=[32m"btn btn-primary"[39m
                [33mdisabled[39m=[32m""[39m
                [33mtype[39m=[32m"button"[39m
              [36m>[39m
                [0mStop Quiz[0m
              [36m</button>[39m
              [36m<button[39m
                [33mclass[39m=[32m"btn btn-primary"[39m
                [33mtype[39m=[32m"button"[39m
              [36m>[39m
                [0mStart Quiz[0m
              [36m</button>[39m
              [36m<button[39m
                [33mclass[39m=[32m"btn btn-primary"[39m
                [33mtype[39m=[32m"button"[39m
              [36m>[39m
                [0mMulligan[0m
              [36m</button>[39m
            [36m</div>[39m
            [36m<div>[39m
              [0mAttempts: [0m
              [0m4[0m
            [36m</div>[39m
          [36m</div>[39m
          [36m<div>[39m
            [36m<div>[39m
              [36m<span[39m
                [33mdata-testid[39m=[32m"left-die"[39m
              [36m>[39m
                [0m0[0m
              [36m</span>[39m
              [36m<button[39m
                [33mclass[39m=[32m"btn btn-primary"[39m
                [33mtype[39m=[32m"button"[39m
              [36m>[39m
                [0m Roll Left[0m
              [36m</button>[39m
            [36m</div>[39m
            [36m<div>[39m
              [36m<span[39m
                [33mdata-testid[39m=[32m"right-die"[39m
              [36m>[39m
                [0m1[0m
              [36m</span>[39m
              [36m<button[39m
                [33mclass[39m=[32m"btn btn-primary"[39m
                [33mtype[39m=[32m"button"[39m
              [36m>[39m
                [0mRoll Right[0m
              [36m</button>[39m
            [36m</div>[39m
            [36m<div>[39m
              [0mTry Again[0m
            [36m</div>[39m
          [36m</div>[39m
          [36m<div>[39m
            [0mHoliday: [0m
            [36m<span>[39m
              [0m🎄[0m
            [36m</span>[39m
            [36m<div>[39m
              [36m<button[39m
                [33mclass[39m=[32m"btn btn-primary"[39m
                [33mtype[39m=[32m"button"[39m
              [36m>[39m
                [0m Advance by Alphabet [0m
              [36m</button>[39m
            [36m</div>[39m
            [36m<div>[39m
              [36m<button[39m
                [33mclass[39m=[32m"btn btn-primary"[39m
                [33mtype[39m=[32m"button"[39m
              [36m>[39m
                [0m Advance by Year [0m
              [36m</button>[39m
            [36m</div>[39m
          [36m</div>[39m
          [36m<div>[39m
            [36m<h3>[39m
              [0mDouble Half[0m
            [36m</h3>[39m
            [36m<div>[39m
              [36m<button[39m
                [33mclass[39m=[32m"btn btn-primary"[39m
                [33mtype[39m=[32m"button"[39m
              [36m>[39m
                [0mDoubler[0m
              [36m</button>[39m
              [36m<button[39m
                [33mclass[39m=[32m"btn btn-primary"[39m
                [33mtype[39m=[32m"button"[39m
              [36m>[39m
                [0mHalver[0m
              [36m</button>[39m
            [36m</div>[39m
            [36m<div>[39m
              [0mThe current value is: [0m
              [36m<span>[39m
                [0m10[0m
              [36m</span>[39m
            [36m</div>[39m
          [36m</div>[39m
          [36m<div>[39m
            [36m<h3>[39m
              [0mChoose Team[0m
            [36m</h3>[39m
            [36m<div[39m
              [33mclass[39m=[32m"row"[39m
            [36m>[39m
              [36m<div[39m
                [33mclass[39m=[32m"col"[39m
              [36m>[39m
                [36m<div[39m
                  [33mstyle[39m=[32m"margin-bottom: 4px;"[39m
                [36m>[39m
                  [0mAdd[0m
                  [0m [0m
                  [36m<button[39m
                    [33mclass[39m=[32m"btn btn-primary btn-sm"[39m
                    [33mtype[39m=[32m"button"[39m
                  [36m>[39m
                    [0mAlan Turing[0m
                  [36m</button>[39m
                [36m</div>[39m
                [36m<div[39m
                  [33mstyle[39m=[32m"margin-bottom: 4px;"[39m
                [36m>[39m
                  [0mAdd[0m
                  [0m [0m
                  [36m<button[39m
                    [33mclass[39m=[32m"btn btn-primary btn-sm"[39m
                    [33mtype[39m=[32m"button"[39m
                  [36m>[39m
                    [0mGrace Hopper[0m
                  [36m</button>[39m
                [36m</div>[39m
                [36m<div[39m
                  [33mstyle[39m=[32m"margin-bottom: 4px;"[39m
                [36m>[39m
                  [0mAdd[0m
                  [0m [0m
                  [36m<button[39m
                    [33mclass[39m=[32m"btn btn-primary btn-sm"[39m
                    [33mtype[39m=[32m"button"[39m
                  [36m>[39m
                    [0mAda Lovelace[0m
                  [36m</button>[39m
                [36m</div>[39m
                [36m<div[39m
                  [33mstyle[39m=[32m"margin-bottom: 4px;"[39m
                [36m>[39m
                  [0mAdd[0m
                  [0m [0m
                  [36m<button[39m
                    [33mclass[39m=[32m"btn btn-primary btn-sm"[39m
                    [33mtype[39m=[32m"button"[39m
                  [36m>[39m
                    [0mCharles Babbage[0m
                  [36m</button>[39m
                [36m</div>[39m
                [36m<div[39m
                  [33mstyle[39m=[32m"margin-bottom: 4px;"[39m
                [36m>[39m
                  [0mAdd[0m
                  [0m [0m
                  [36m<button[39m
                    [33mclass[39m=[32m"btn btn-primary btn-sm"[39m
                    [33mtype[39m=[32m"button"[39m
                  [36m>[39m
                    [0mBarbara Liskov[0m
                  [36m</button>[39m
                [36m</div>[39m
                [36m<div[39m
                  [33mstyle[39m=[32m"margin-bottom: 4px;"[39m
                [36m>[39m
                  [0mAdd[0m
                  [0m [0m
                  [36m<button[39m
                    [33mclass[39m=[32m"btn btn-primary btn-sm"[39m
                    [33mtype[39m=[32m"button"[39m
                  [36m>[39m
                    [0mMargaret Hamilton[0m
                  [36m</button>[39m
                [36m</div>[39m
              [36m</div>[39m
              [36m<div[39m
                [33mclass[39m=[32m"col"[39m
              [36m>[39m
                [36m<strong>[39m
                  [0mTeam:[0m
                [36m</strong>[39m
                [36m<button[39m
                  [33mclass[39m=[32m"btn btn-primary"[39m
                  [33mtype[39m=[32m"button"[39m
                [36m>[39m
                  [0mClear Team[0m
                [36m</button>[39m
              [36m</div>[39m
            [36m</div>[39m
          [36m</div>[39m
          [36m<div>[39m
            [36m<h3>[39m
              [0mColored Box[0m
            [36m</h3>[39m
            [36m<span>[39m
              [0mThe current color is: [0m
              [36m<span>[39m
                [0mred[0m
              [36m</span>[39m
            [36m</span>[39m
            [36m<div>[39m
              [36m<button[39m
                [33mclass[39m=[32m"btn btn-primary"[39m
                [33mtype[39m=[32m"button"[39m
              [36m>[39m
                [0mNext Color[0m
              [36m</button>[39m
              [0m;[0m
              [36m<div[39m
                [33mdata-testid[39m=[32m"colored-box"[39m
                [33mstyle[39m=[32m"width: 50px; height: 50px; background-color: red; display: inline-block; vertical-align: bottom; margin-left: 5px;"[39m
              [36m/>[39m
            [36m</div>[39m
          [36m</div>[39m
          [36m<div>[39m
            [36m<h3>[39m
              [0mShove Box[0m
            [36m</h3>[39m
            [36m<span>[39m
              [0mThe box is at: [0m
              [0m10[0m
            [36m</span>[39m
            [36m<div>[39m
              [36m<button[39m
                [33mclass[39m=[32m"btn btn-primary"[39m
                [33mtype[39m=[32m"button"[39m
              [36m>[39m
                [0mShove the Box[0m
              [36m</button>[39m
              [36m<div[39m
                [33mdata-testid[39m=[32m"moveable-box"[39m
                [33mstyle[39m=[32m"width: 50px; height: 50px; background-color: lightblue; border: 1px solid blue; display: inline-block; vertical-align: bottom; margin-left: 10px;"[39m
              [36m/>[39m
            [36m</div>[39m
          [36m</div>[39m
        [36m</div>[39m
      [36m</div>[39m
    [36m</body>[39m

       7 |     test("There is a header", () => {
       8 |         render(<App />);
    >  9 |         const header = screen.getByRole("heading");
         |                               ^
      10 |         expect(header).toBeInTheDocument();
      11 |     });
      12 |

      at Object.getElementError (node_modules/@testing-library/dom/dist/config.js:38:19)
      at getElementError (node_modules/@testing-library/dom/dist/query-helpers.js:25:35)
      at getMultipleElementsFoundError (node_modules/@testing-library/dom/dist/query-helpers.js:29:10)
      at node_modules/@testing-library/dom/dist/query-helpers.js:66:13
      at getByRole (node_modules/@testing-library/dom/dist/query-helpers.js:111:19)
      at Object.<anonymous> (src/HtmlCss.test.tsx:9:31)

  ● Some HTML Elements are added. › There is an image with alt text

    TestingLibraryElementError: Unable to find an accessible element with the role "img"

    Here are the accessible roles:

      banner:

      Name "":
      [36m<header[39m
        [33mclass[39m=[32m"App-header"[39m
      [36m/>[39m

      --------------------------------------------------
      button:

      Name "Add One":
      [36m<button[39m
        [33mclass[39m=[32m"btn btn-primary"[39m
        [33mtype[39m=[32m"button"[39m
      [36m/>[39m

      Name "Reveal Answer":
      [36m<button[39m
        [33mclass[39m=[32m"btn btn-primary"[39m
        [33mtype[39m=[32m"button"[39m
      [36m/>[39m

      Name "Change Type":
      [36m<button[39m
        [33mclass[39m=[32m"btn btn-primary"[39m
        [33mtype[39m=[32m"button"[39m
      [36m/>[39m

      Name "Stop Quiz":
      [36m<button[39m
        [33mclass[39m=[32m"btn btn-primary"[39m
        [33mdisabled[39m=[32m""[39m
        [33mtype[39m=[32m"button"[39m
      [36m/>[39m

      Name "Start Quiz":
      [36m<button[39m
        [33mclass[39m=[32m"btn btn-primary"[39m
        [33mtype[39m=[32m"button"[39m
      [36m/>[39m

      Name "Mulligan":
      [36m<button[39m
        [33mclass[39m=[32m"btn btn-primary"[39m
        [33mtype[39m=[32m"button"[39m
      [36m/>[39m

      Name "Roll Left":
      [36m<button[39m
        [33mclass[39m=[32m"btn btn-primary"[39m
        [33mtype[39m=[32m"button"[39m
      [36m/>[39m

      Name "Roll Right":
      [36m<button[39m
        [33mclass[39m=[32m"btn btn-primary"[39m
        [33mtype[39m=[32m"button"[39m
      [36m/>[39m

      Name "Advance by Alphabet":
      [36m<button[39m
        [33mclass[39m=[32m"btn btn-primary"[39m
        [33mtype[39m=[32m"button"[39m
      [36m/>[39m

      Name "Advance by Year":
      [36m<button[39m
        [33mclass[39m=[32m"btn btn-primary"[39m
        [33mtype[39m=[32m"button"[39m
      [36m/>[39m

      Name "Doubler":
      [36m<button[39m
        [33mclass[39m=[32m"btn btn-primary"[39m
        [33mtype[39m=[32m"button"[39m
      [36m/>[39m

      Name "Halver":
      [36m<button[39m
        [33mclass[39m=[32m"btn btn-primary"[39m
        [33mtype[39m=[32m"button"[39m
      [36m/>[39m

      Name "Alan Turing":
      [36m<button[39m
        [33mclass[39m=[32m"btn btn-primary btn-sm"[39m
        [33mtype[39m=[32m"button"[39m
      [36m/>[39m

      Name "Grace Hopper":
      [36m<button[39m
        [33mclass[39m=[32m"btn btn-primary btn-sm"[39m
        [33mtype[39m=[32m"button"[39m
      [36m/>[39m

      Name "Ada Lovelace":
      [36m<button[39m
        [33mclass[39m=[32m"btn btn-primary btn-sm"[39m
        [33mtype[39m=[32m"button"[39m
      [36m/>[39m

      Name "Charles Babbage":
      [36m<button[39m
        [33mclass[39m=[32m"btn btn-primary btn-sm"[39m
        [33mtype[39m=[32m"button"[39m
      [36m/>[39m

      Name "Barbara Liskov":
      [36m<button[39m
        [33mclass[39m=[32m"btn btn-primary btn-sm"[39m
        [33mtype[39m=[32m"button"[39m
      [36m/>[39m

      Name "Margaret Hamilton":
      [36m<button[39m
        [33mclass[39m=[32m"btn btn-primary btn-sm"[39m
        [33mtype[39m=[32m"button"[39m
      [36m/>[39m

      Name "Clear Team":
      [36m<button[39m
        [33mclass[39m=[32m"btn btn-primary"[39m
        [33mtype[39m=[32m"button"[39m
      [36m/>[39m

      Name "Next Color":
      [36m<button[39m
        [33mclass[39m=[32m"btn btn-primary"[39m
        [33mtype[39m=[32m"button"[39m
      [36m/>[39m

      Name "Shove the Box":
      [36m<button[39m
        [33mclass[39m=[32m"btn btn-primary"[39m
        [33mtype[39m=[32m"button"[39m
      [36m/>[39m

      --------------------------------------------------
      heading:

      Name "Double Half":
      [36m<h3 />[39m

      Name "Choose Team":
      [36m<h3 />[39m

      Name "Colored Box":
      [36m<h3 />[39m

      Name "Shove Box":
      [36m<h3 />[39m

      --------------------------------------------------

    Ignored nodes: comments, <script />, <style />
    [36m<body>[39m
      [36m<div>[39m
        [36m<div[39m
          [33mclass[39m=[32m"App"[39m
        [36m>[39m
          [36m<header[39m
            [33mclass[39m=[32m"App-header"[39m
          [36m>[39m
            [0mUD CISC275 with React Hooks and TypeScript, Sydni Wright[0m
          [36m</header>[39m
          [36m<span>[39m
            [36m<button[39m
              [33mclass[39m=[32m"btn btn-primary"[39m
              [33mtype[39m=[32m"button"[39m
            [36m>[39m
              [0mAdd One[0m
            [36m</button>[39m
            [0mto [0m
            [0m0[0m
            [0m.[0m
          [36m</span>[39m
          [36m<div>[39m
            [36m<button[39m
              [33mclass[39m=[32m"btn btn-primary"[39m
              [33mtype[39m=[32m"button"[39m
            [36m>[39m
              [0mReveal Answer[0m
            [36m</button>[39m
          [36m</div>[39m
          [36m<div>[39m
            [36m<button[39m
              [33mclass[39m=[32m"btn btn-primary"[39m
              [33mtype[39m=[32m"button"[39m
            [36m>[39m
              [0mChange Type[0m
            [36m</button>[39m
            [36m<div>[39m
              [0mShort Answer[0m
            [36m</div>[39m
          [36m</div>[39m
          [36m<div>[39m
            [36m<div>[39m
              [36m<button[39m
                [33mclass[39m=[32m"btn btn-primary"[39m
                [33mdisabled[39m=[32m""[39m
                [33mtype[39m=[32m"button"[39m
              [36m>[39m
                [0mStop Quiz[0m
              [36m</button>[39m
              [36m<button[39m
                [33mclass[39m=[32m"btn btn-primary"[39m
                [33mtype[39m=[32m"button"[39m
              [36m>[39m
                [0mStart Quiz[0m
              [36m</button>[39m
              [36m<button[39m
                [33mclass[39m=[32m"btn btn-primary"[39m
                [33mtype[39m=[32m"button"[39m
              [36m>[39m
                [0mMulligan[0m
              [36m</button>[39m
            [36m</div>[39m
            [36m<div>[39m
              [0mAttempts: [0m
              [0m4[0m
            [36m</div>[39m
          [36m</div>[39m
          [36m<div>[39m
            [36m<div>[39m
              [36m<span[39m
                [33mdata-testid[39m=[32m"left-die"[39m
              [36m>[39m
                [0m0[0m
              [36m</span>[39m
              [36m<button[39m
                [33mclass[39m=[32m"btn btn-primary"[39m
                [33mtype[39m=[32m"button"[39m
              [36m>[39m
                [0m Roll Left[0m
              [36m</button>[39m
            [36m</div>[39m
            [36m<div>[39m
              [36m<span[39m
                [33mdata-testid[39m=[32m"right-die"[39m
              [36m>[39m
                [0m1[0m
              [36m</span>[39m
              [36m<button[39m
                [33mclass[39m=[32m"btn btn-primary"[39m
                [33mtype[39m=[32m"button"[39m
              [36m>[39m
                [0mRoll Right[0m
              [36m</button>[39m
            [36m</div>[39m
            [36m<div>[39m
              [0mTry Again[0m
            [36m</div>[39m
          [36m</div>[39m
          [36m<div>[39m
            [0mHoliday: [0m
            [36m<span>[39m
              [0m🎄[0m
            [36m</span>[39m
            [36m<div>[39m
              [36m<button[39m
                [33mclass[39m=[32m"btn btn-primary"[39m
                [33mtype[39m=[32m"button"[39m
              [36m>[39m
                [0m Advance by Alphabet [0m
              [36m</button>[39m
            [36m</div>[39m
            [36m<div>[39m
              [36m<button[39m
                [33mclass[39m=[32m"btn btn-primary"[39m
                [33mtype[39m=[32m"button"[39m
              [36m>[39m
                [0m Advance by Year [0m
              [36m</button>[39m
            [36m</div>[39m
          [36m</div>[39m
          [36m<div>[39m
            [36m<h3>[39m
              [0mDouble Half[0m
            [36m</h3>[39m
            [36m<div>[39m
              [36m<button[39m
                [33mclass[39m=[32m"btn btn-primary"[39m
                [33mtype[39m=[32m"button"[39m
              [36m>[39m
                [0mDoubler[0m
              [36m</button>[39m
              [36m<button[39m
                [33mclass[39m=[32m"btn btn-primary"[39m
                [33mtype[39m=[32m"button"[39m
              [36m>[39m
                [0mHalver[0m
              [36m</button>[39m
            [36m</div>[39m
            [36m<div>[39m
              [0mThe current value is: [0m
              [36m<span>[39m
                [0m10[0m
              [36m</span>[39m
            [36m</div>[39m
          [36m</div>[39m
          [36m<div>[39m
            [36m<h3>[39m
              [0mChoose Team[0m
            [36m</h3>[39m
            [36m<div[39m
              [33mclass[39m=[32m"row"[39m
            [36m>[39m
              [36m<div[39m
                [33mclass[39m=[32m"col"[39m
              [36m>[39m
                [36m<div[39m
                  [33mstyle[39m=[32m"margin-bottom: 4px;"[39m
                [36m>[39m
                  [0mAdd[0m
                  [0m [0m
                  [36m<button[39m
                    [33mclass[39m=[32m"btn btn-primary btn-sm"[39m
                    [33mtype[39m=[32m"button"[39m
                  [36m>[39m
                    [0mAlan Turing[0m
                  [36m</button>[39m
                [36m</div>[39m
                [36m<div[39m
                  [33mstyle[39m=[32m"margin-bottom: 4px;"[39m
                [36m>[39m
                  [0mAdd[0m
                  [0m [0m
                  [36m<button[39m
                    [33mclass[39m=[32m"btn btn-primary btn-sm"[39m
                    [33mtype[39m=[32m"button"[39m
                  [36m>[39m
                    [0mGrace Hopper[0m
                  [36m</button>[39m
                [36m</div>[39m
                [36m<div[39m
                  [33mstyle[39m=[32m"margin-bottom: 4px;"[39m
                [36m>[39m
                  [0mAdd[0m
                  [0m [0m
                  [36m<button[39m
                    [33mclass[39m=[32m"btn btn-primary btn-sm"[39m
                    [33mtype[39m=[32m"button"[39m
                  [36m>[39m
                    [0mAda Lovelace[0m
                  [36m</button>[39m
                [36m</div>[39m
                [36m<div[39m
                  [33mstyle[39m=[32m"margin-bottom: 4px;"[39m
                [36m>[39m
                  [0mAdd[0m
                  [0m [0m
                  [36m<button[39m
                    [33mclass[39m=[32m"btn btn-primary btn-sm"[39m
                    [33mtype[39m=[32m"button"[39m
                  [36m>[39m
                    [0mCharles Babbage[0m
                  [36m</button>[39m
                [36m</div>[39m
                [36m<div[39m
                  [33mstyle[39m=[32m"margin-bottom: 4px;"[39m
                [36m>[39m
                  [0mAdd[0m
                  [0m [0m
                  [36m<button[39m
                    [33mclass[39m=[32m"btn btn-primary btn-sm"[39m
                    [33mtype[39m=[32m"button"[39m
                  [36m>[39m
                    [0mBarbara Liskov[0m
                  [36m</button>[39m
                [36m</div>[39m
                [36m<div[39m
                  [33mstyle[39m=[32m"margin-bottom: 4px;"[39m
                [36m>[39m
                  [0mAdd[0m
                  [0m [0m
                  [36m<button[39m
                    [33mclass[39m=[32m"btn btn-primary btn-sm"[39m
                    [33mtype[39m=[32m"button"[39m
                  [36m>[39m
                    [0mMargaret Hamilton[0m
                  [36m</button>[39m
                [36m</div>[39m
              [36m</div>[39m
              [36m<div[39m
                [33mclass[39m=[32m"col"[39m
              [36m>[39m
                [36m<strong>[39m
                  [0mTeam:[0m
                [36m</strong>[39m
                [36m<button[39m
                  [33mclass[39m=[32m"btn btn-primary"[39m
                  [33mtype[39m=[32m"button"[39m
                [36m>[39m
                  [0mClear Team[0m
                [36m</button>[39m
              [36m</div>[39m
            [36m</div>[39m
          [36m</div>[39m
          [36m<div>[39m
            [36m<h3>[39m
              [0mColored Box[0m
            [36m</h3>[39m
            [36m<span>[39m
              [0mThe current color is: [0m
              [36m<span>[39m
                [0mred[0m
              [36m</span>[39m
            [36m</span>[39m
            [36m<div>[39m
              [36m<button[39m
                [33mclass[39m=[32m"btn btn-primary"[39m
                [33mtype[39m=[32m"button"[39m
              [36m>[39m
                [0mNext Color[0m
              [36m</button>[39m
              [0m;[0m
              [36m<div[39m
                [33mdata-testid[39m=[32m"colored-box"[39m
                [33mstyle[39m=[32m"width: 50px; height: 50px; background-color: red; display: inline-block; vertical-align: bottom; margin-left: 5px;"[39m
              [36m/>[39m
            [36m</div>[39m
          [36m</div>[39m
          [36m<div>[39m
            [36m<h3>[39m
              [0mShove Box[0m
            [36m</h3>[39m
            [36m<span>[39m
              [0mThe box is at: [0m
              [0m10[0m
            [36m</span>[39m
            [36m<div>[39m
              [36m<button[39m
                [33mclass[39m=[32m"btn btn-primary"[39m
                [33mtype[39m=[32m"button"[39m
              [36m>[39m
                [0mShove the Box[0m
              [36m</button>[39m
              [36m<div[39m
                [33mdata-testid[39m=[32m"moveable-box"[39m
                [33mstyle[39m=[32m"width: 50px; height: 50px; background-color: lightblue; border: 1px solid blue; display: inline-block; vertical-align: bottom; margin-left: 10px;"[39m
              [36m/>[39m
            [36m</div>[39m
          [36m</div>[39m
        [36m</div>[39m
      [36m</div>[39m
    [36m</body>[39m

      13 |     test("There is an image with alt text", () => {
      14 |         render(<App />);
    > 15 |         const image = screen.getByRole("img");
         |                              ^
      16 |         expect(image).toBeInTheDocument();
      17 |         expect(image).toHaveAttribute("alt");
      18 |     });

      at Object.getElementError (node_modules/@testing-library/dom/dist/config.js:38:19)
      at node_modules/@testing-library/dom/dist/query-helpers.js:90:38
      at node_modules/@testing-library/dom/dist/query-helpers.js:62:17
      at getByRole (node_modules/@testing-library/dom/dist/query-helpers.js:111:19)
      at Object.<anonymous> (src/HtmlCss.test.tsx:15:30)

  ● Some HTML Elements are added. › There is a list with at least three elements

    TestingLibraryElementError: Unable to find an accessible element with the role "list"

    Here are the accessible roles:

      banner:

      Name "":
      [36m<header[39m
        [33mclass[39m=[32m"App-header"[39m
      [36m/>[39m

      --------------------------------------------------
      button:

      Name "Add One":
      [36m<button[39m
        [33mclass[39m=[32m"btn btn-primary"[39m
        [33mtype[39m=[32m"button"[39m
      [36m/>[39m

      Name "Reveal Answer":
      [36m<button[39m
        [33mclass[39m=[32m"btn btn-primary"[39m
        [33mtype[39m=[32m"button"[39m
      [36m/>[39m

      Name "Change Type":
      [36m<button[39m
        [33mclass[39m=[32m"btn btn-primary"[39m
        [33mtype[39m=[32m"button"[39m
      [36m/>[39m

      Name "Stop Quiz":
      [36m<button[39m
        [33mclass[39m=[32m"btn btn-primary"[39m
        [33mdisabled[39m=[32m""[39m
        [33mtype[39m=[32m"button"[39m
      [36m/>[39m

      Name "Start Quiz":
      [36m<button[39m
        [33mclass[39m=[32m"btn btn-primary"[39m
        [33mtype[39m=[32m"button"[39m
      [36m/>[39m

      Name "Mulligan":
      [36m<button[39m
        [33mclass[39m=[32m"btn btn-primary"[39m
        [33mtype[39m=[32m"button"[39m
      [36m/>[39m

      Name "Roll Left":
      [36m<button[39m
        [33mclass[39m=[32m"btn btn-primary"[39m
        [33mtype[39m=[32m"button"[39m
      [36m/>[39m

      Name "Roll Right":
      [36m<button[39m
        [33mclass[39m=[32m"btn btn-primary"[39m
        [33mtype[39m=[32m"button"[39m
      [36m/>[39m

      Name "Advance by Alphabet":
      [36m<button[39m
        [33mclass[39m=[32m"btn btn-primary"[39m
        [33mtype[39m=[32m"button"[39m
      [36m/>[39m

      Name "Advance by Year":
      [36m<button[39m
        [33mclass[39m=[32m"btn btn-primary"[39m
        [33mtype[39m=[32m"button"[39m
      [36m/>[39m

      Name "Doubler":
      [36m<button[39m
        [33mclass[39m=[32m"btn btn-primary"[39m
        [33mtype[39m=[32m"button"[39m
      [36m/>[39m

      Name "Halver":
      [36m<button[39m
        [33mclass[39m=[32m"btn btn-primary"[39m
        [33mtype[39m=[32m"button"[39m
      [36m/>[39m

      Name "Alan Turing":
      [36m<button[39m
        [33mclass[39m=[32m"btn btn-primary btn-sm"[39m
        [33mtype[39m=[32m"button"[39m
      [36m/>[39m

      Name "Grace Hopper":
      [36m<button[39m
        [33mclass[39m=[32m"btn btn-primary btn-sm"[39m
        [33mtype[39m=[32m"button"[39m
      [36m/>[39m

      Name "Ada Lovelace":
      [36m<button[39m
        [33mclass[39m=[32m"btn btn-primary btn-sm"[39m
        [33mtype[39m=[32m"button"[39m
      [36m/>[39m

      Name "Charles Babbage":
      [36m<button[39m
        [33mclass[39m=[32m"btn btn-primary btn-sm"[39m
        [33mtype[39m=[32m"button"[39m
      [36m/>[39m

      Name "Barbara Liskov":
      [36m<button[39m
        [33mclass[39m=[32m"btn btn-primary btn-sm"[39m
        [33mtype[39m=[32m"button"[39m
      [36m/>[39m

      Name "Margaret Hamilton":
      [36m<button[39m
        [33mclass[39m=[32m"btn btn-primary btn-sm"[39m
        [33mtype[39m=[32m"button"[39m
      [36m/>[39m

      Name "Clear Team":
      [36m<button[39m
        [33mclass[39m=[32m"btn btn-primary"[39m
        [33mtype[39m=[32m"button"[39m
      [36m/>[39m

      Name "Next Color":
      [36m<button[39m
        [33mclass[39m=[32m"btn btn-primary"[39m
        [33mtype[39m=[32m"button"[39m
      [36m/>[39m

      Name "Shove the Box":
      [36m<button[39m
        [33mclass[39m=[32m"btn btn-primary"[39m
        [33mtype[39m=[32m"button"[39m
      [36m/>[39m

      --------------------------------------------------
      heading:

      Name "Double Half":
      [36m<h3 />[39m

      Name "Choose Team":
      [36m<h3 />[39m

      Name "Colored Box":
      [36m<h3 />[39m

      Name "Shove Box":
      [36m<h3 />[39m

      --------------------------------------------------

    Ignored nodes: comments, <script />, <style />
    [36m<body>[39m
      [36m<div>[39m
        [36m<div[39m
          [33mclass[39m=[32m"App"[39m
        [36m>[39m
          [36m<header[39m
            [33mclass[39m=[32m"App-header"[39m
          [36m>[39m
            [0mUD CISC275 with React Hooks and TypeScript, Sydni Wright[0m
          [36m</header>[39m
          [36m<span>[39m
            [36m<button[39m
              [33mclass[39m=[32m"btn btn-primary"[39m
              [33mtype[39m=[32m"button"[39m
            [36m>[39m
              [0mAdd One[0m
            [36m</button>[39m
            [0mto [0m
            [0m0[0m
            [0m.[0m
          [36m</span>[39m
          [36m<div>[39m
            [36m<button[39m
              [33mclass[39m=[32m"btn btn-primary"[39m
              [33mtype[39m=[32m"button"[39m
            [36m>[39m
              [0mReveal Answer[0m
            [36m</button>[39m
          [36m</div>[39m
          [36m<div>[39m
            [36m<button[39m
              [33mclass[39m=[32m"btn btn-primary"[39m
              [33mtype[39m=[32m"button"[39m
            [36m>[39m
              [0mChange Type[0m
            [36m</button>[39m
            [36m<div>[39m
              [0mShort Answer[0m
            [36m</div>[39m
          [36m</div>[39m
          [36m<div>[39m
            [36m<div>[39m
              [36m<button[39m
                [33mclass[39m=[32m"btn btn-primary"[39m
                [33mdisabled[39m=[32m""[39m
                [33mtype[39m=[32m"button"[39m
              [36m>[39m
                [0mStop Quiz[0m
              [36m</button>[39m
              [36m<button[39m
                [33mclass[39m=[32m"btn btn-primary"[39m
                [33mtype[39m=[32m"button"[39m
              [36m>[39m
                [0mStart Quiz[0m
              [36m</button>[39m
              [36m<button[39m
                [33mclass[39m=[32m"btn btn-primary"[39m
                [33mtype[39m=[32m"button"[39m
              [36m>[39m
                [0mMulligan[0m
              [36m</button>[39m
            [36m</div>[39m
            [36m<div>[39m
              [0mAttempts: [0m
              [0m4[0m
            [36m</div>[39m
          [36m</div>[39m
          [36m<div>[39m
            [36m<div>[39m
              [36m<span[39m
                [33mdata-testid[39m=[32m"left-die"[39m
              [36m>[39m
                [0m0[0m
              [36m</span>[39m
              [36m<button[39m
                [33mclass[39m=[32m"btn btn-primary"[39m
                [33mtype[39m=[32m"button"[39m
              [36m>[39m
                [0m Roll Left[0m
              [36m</button>[39m
            [36m</div>[39m
            [36m<div>[39m
              [36m<span[39m
                [33mdata-testid[39m=[32m"right-die"[39m
              [36m>[39m
                [0m1[0m
              [36m</span>[39m
              [36m<button[39m
                [33mclass[39m=[32m"btn btn-primary"[39m
                [33mtype[39m=[32m"button"[39m
              [36m>[39m
                [0mRoll Right[0m
              [36m</button>[39m
            [36m</div>[39m
            [36m<div>[39m
              [0mTry Again[0m
            [36m</div>[39m
          [36m</div>[39m
          [36m<div>[39m
            [0mHoliday: [0m
            [36m<span>[39m
              [0m🎄[0m
            [36m</span>[39m
            [36m<div>[39m
              [36m<button[39m
                [33mclass[39m=[32m"btn btn-primary"[39m
                [33mtype[39m=[32m"button"[39m
              [36m>[39m
                [0m Advance by Alphabet [0m
              [36m</button>[39m
            [36m</div>[39m
            [36m<div>[39m
              [36m<button[39m
                [33mclass[39m=[32m"btn btn-primary"[39m
                [33mtype[39m=[32m"button"[39m
              [36m>[39m
                [0m Advance by Year [0m
              [36m</button>[39m
            [36m</div>[39m
          [36m</div>[39m
          [36m<div>[39m
            [36m<h3>[39m
              [0mDouble Half[0m
            [36m</h3>[39m
            [36m<div>[39m
              [36m<button[39m
                [33mclass[39m=[32m"btn btn-primary"[39m
                [33mtype[39m=[32m"button"[39m
              [36m>[39m
                [0mDoubler[0m
              [36m</button>[39m
              [36m<button[39m
                [33mclass[39m=[32m"btn btn-primary"[39m
                [33mtype[39m=[32m"button"[39m
              [36m>[39m
                [0mHalver[0m
              [36m</button>[39m
            [36m</div>[39m
            [36m<div>[39m
              [0mThe current value is: [0m
              [36m<span>[39m
                [0m10[0m
              [36m</span>[39m
            [36m</div>[39m
          [36m</div>[39m
          [36m<div>[39m
            [36m<h3>[39m
              [0mChoose Team[0m
            [36m</h3>[39m
            [36m<div[39m
              [33mclass[39m=[32m"row"[39m
            [36m>[39m
              [36m<div[39m
                [33mclass[39m=[32m"col"[39m
              [36m>[39m
                [36m<div[39m
                  [33mstyle[39m=[32m"margin-bottom: 4px;"[39m
                [36m>[39m
                  [0mAdd[0m
                  [0m [0m
                  [36m<button[39m
                    [33mclass[39m=[32m"btn btn-primary btn-sm"[39m
                    [33mtype[39m=[32m"button"[39m
                  [36m>[39m
                    [0mAlan Turing[0m
                  [36m</button>[39m
                [36m</div>[39m
                [36m<div[39m
                  [33mstyle[39m=[32m"margin-bottom: 4px;"[39m
                [36m>[39m
                  [0mAdd[0m
                  [0m [0m
                  [36m<button[39m
                    [33mclass[39m=[32m"btn btn-primary btn-sm"[39m
                    [33mtype[39m=[32m"button"[39m
                  [36m>[39m
                    [0mGrace Hopper[0m
                  [36m</button>[39m
                [36m</div>[39m
                [36m<div[39m
                  [33mstyle[39m=[32m"margin-bottom: 4px;"[39m
                [36m>[39m
                  [0mAdd[0m
                  [0m [0m
                  [36m<button[39m
                    [33mclass[39m=[32m"btn btn-primary btn-sm"[39m
                    [33mtype[39m=[32m"button"[39m
                  [36m>[39m
                    [0mAda Lovelace[0m
                  [36m</button>[39m
                [36m</div>[39m
                [36m<div[39m
                  [33mstyle[39m=[32m"margin-bottom: 4px;"[39m
                [36m>[39m
                  [0mAdd[0m
                  [0m [0m
                  [36m<button[39m
                    [33mclass[39m=[32m"btn btn-primary btn-sm"[39m
                    [33mtype[39m=[32m"button"[39m
                  [36m>[39m
                    [0mCharles Babbage[0m
                  [36m</button>[39m
                [36m</div>[39m
                [36m<div[39m
                  [33mstyle[39m=[32m"margin-bottom: 4px;"[39m
                [36m>[39m
                  [0mAdd[0m
                  [0m [0m
                  [36m<button[39m
                    [33mclass[39m=[32m"btn btn-primary btn-sm"[39m
                    [33mtype[39m=[32m"button"[39m
                  [36m>[39m
                    [0mBarbara Liskov[0m
                  [36m</button>[39m
                [36m</div>[39m
                [36m<div[39m
                  [33mstyle[39m=[32m"margin-bottom: 4px;"[39m
                [36m>[39m
                  [0mAdd[0m
                  [0m [0m
                  [36m<button[39m
                    [33mclass[39m=[32m"btn btn-primary btn-sm"[39m
                    [33mtype[39m=[32m"button"[39m
                  [36m>[39m
                    [0mMargaret Hamilton[0m
                  [36m</button>[39m
                [36m</div>[39m
              [36m</div>[39m
              [36m<div[39m
                [33mclass[39m=[32m"col"[39m
              [36m>[39m
                [36m<strong>[39m
                  [0mTeam:[0m
                [36m</strong>[39m
                [36m<button[39m
                  [33mclass[39m=[32m"btn btn-primary"[39m
                  [33mtype[39m=[32m"button"[39m
                [36m>[39m
                  [0mClear Team[0m
                [36m</button>[39m
              [36m</div>[39m
            [36m</div>[39m
          [36m</div>[39m
          [36m<div>[39m
            [36m<h3>[39m
              [0mColored Box[0m
            [36m</h3>[39m
            [36m<span>[39m
              [0mThe current color is: [0m
              [36m<span>[39m
                [0mred[0m
              [36m</span>[39m
            [36m</span>[39m
            [36m<div>[39m
              [36m<button[39m
                [33mclass[39m=[32m"btn btn-primary"[39m
                [33mtype[39m=[32m"button"[39m
              [36m>[39m
                [0mNext Color[0m
              [36m</button>[39m
              [0m;[0m
              [36m<div[39m
                [33mdata-testid[39m=[32m"colored-box"[39m
                [33mstyle[39m=[32m"width: 50px; height: 50px; background-color: red; display: inline-block; vertical-align: bottom; margin-left: 5px;"[39m
              [36m/>[39m
            [36m</div>[39m
          [36m</div>[39m
          [36m<div>[39m
            [36m<h3>[39m
              [0mShove Box[0m
            [36m</h3>[39m
            [36m<span>[39m
              [0mThe box is at: [0m
              [0m10[0m
            [36m</span>[39m
            [36m<div>[39m
              [36m<button[39m
                [33mclass[39m=[32m"btn btn-primary"[39m
                [33mtype[39m=[32m"button"[39m
              [36m>[39m
                [0mShove the Box[0m
              [36m</button>[39m
              [36m<div[39m
                [33mdata-testid[39m=[32m"moveable-box"[39m
                [33mstyle[39m=[32m"width: 50px; height: 50px; background-color: lightblue; border: 1px solid blue; display: inline-block; vertical-align: bottom; margin-left: 10px;"[39m
              [36m/>[39m
            [36m</div>[39m
          [36m</div>[39m
        [36m</div>[39m
      [36m</div>[39m
    [36m</body>[39m

      20 |     test("There is a list with at least three elements", () => {
      21 |         render(<App />);
    > 22 |         const list = screen.getByRole("list");
         |                             ^
      23 |         expect(list).toBeInTheDocument();
      24 |         expect(list.children.length).toBeGreaterThanOrEqual(3);
      25 |     });

      at Object.getElementError (node_modules/@testing-library/dom/dist/config.js:38:19)
      at node_modules/@testing-library/dom/dist/query-helpers.js:90:38
      at node_modules/@testing-library/dom/dist/query-helpers.js:62:17
      at getByRole (node_modules/@testing-library/dom/dist/query-helpers.js:111:19)
      at Object.<anonymous> (src/HtmlCss.test.tsx:22:29)

  ● Some Bootstrap Elements are added › There is one bootstrap button with the text 'Log Hello World'

    TestingLibraryElementError: Unable to find an accessible element with the role "button" and name `/Log Hello World/i`

    Here are the accessible roles:

      banner:

      Name "":
      [36m<header[39m
        [33mclass[39m=[32m"App-header"[39m
      [36m/>[39m

      --------------------------------------------------
      button:

      Name "Add One":
      [36m<button[39m
        [33mclass[39m=[32m"btn btn-primary"[39m
        [33mtype[39m=[32m"button"[39m
      [36m/>[39m

      Name "Reveal Answer":
      [36m<button[39m
        [33mclass[39m=[32m"btn btn-primary"[39m
        [33mtype[39m=[32m"button"[39m
      [36m/>[39m

      Name "Change Type":
      [36m<button[39m
        [33mclass[39m=[32m"btn btn-primary"[39m
        [33mtype[39m=[32m"button"[39m
      [36m/>[39m

      Name "Stop Quiz":
      [36m<button[39m
        [33mclass[39m=[32m"btn btn-primary"[39m
        [33mdisabled[39m=[32m""[39m
        [33mtype[39m=[32m"button"[39m
      [36m/>[39m

      Name "Start Quiz":
      [36m<button[39m
        [33mclass[39m=[32m"btn btn-primary"[39m
        [33mtype[39m=[32m"button"[39m
      [36m/>[39m

      Name "Mulligan":
      [36m<button[39m
        [33mclass[39m=[32m"btn btn-primary"[39m
        [33mtype[39m=[32m"button"[39m
      [36m/>[39m

      Name "Roll Left":
      [36m<button[39m
        [33mclass[39m=[32m"btn btn-primary"[39m
        [33mtype[39m=[32m"button"[39m
      [36m/>[39m

      Name "Roll Right":
      [36m<button[39m
        [33mclass[39m=[32m"btn btn-primary"[39m
        [33mtype[39m=[32m"button"[39m
      [36m/>[39m

      Name "Advance by Alphabet":
      [36m<button[39m
        [33mclass[39m=[32m"btn btn-primary"[39m
        [33mtype[39m=[32m"button"[39m
      [36m/>[39m

      Name "Advance by Year":
      [36m<button[39m
        [33mclass[39m=[32m"btn btn-primary"[39m
        [33mtype[39m=[32m"button"[39m
      [36m/>[39m

      Name "Doubler":
      [36m<button[39m
        [33mclass[39m=[32m"btn btn-primary"[39m
        [33mtype[39m=[32m"button"[39m
      [36m/>[39m

      Name "Halver":
      [36m<button[39m
        [33mclass[39m=[32m"btn btn-primary"[39m
        [33mtype[39m=[32m"button"[39m
      [36m/>[39m

      Name "Alan Turing":
      [36m<button[39m
        [33mclass[39m=[32m"btn btn-primary btn-sm"[39m
        [33mtype[39m=[32m"button"[39m
      [36m/>[39m

      Name "Grace Hopper":
      [36m<button[39m
        [33mclass[39m=[32m"btn btn-primary btn-sm"[39m
        [33mtype[39m=[32m"button"[39m
      [36m/>[39m

      Name "Ada Lovelace":
      [36m<button[39m
        [33mclass[39m=[32m"btn btn-primary btn-sm"[39m
        [33mtype[39m=[32m"button"[39m
      [36m/>[39m

      Name "Charles Babbage":
      [36m<button[39m
        [33mclass[39m=[32m"btn btn-primary btn-sm"[39m
        [33mtype[39m=[32m"button"[39m
      [36m/>[39m

      Name "Barbara Liskov":
      [36m<button[39m
        [33mclass[39m=[32m"btn btn-primary btn-sm"[39m
        [33mtype[39m=[32m"button"[39m
      [36m/>[39m

      Name "Margaret Hamilton":
      [36m<button[39m
        [33mclass[39m=[32m"btn btn-primary btn-sm"[39m
        [33mtype[39m=[32m"button"[39m
      [36m/>[39m

      Name "Clear Team":
      [36m<button[39m
        [33mclass[39m=[32m"btn btn-primary"[39m
        [33mtype[39m=[32m"button"[39m
      [36m/>[39m

      Name "Next Color":
      [36m<button[39m
        [33mclass[39m=[32m"btn btn-primary"[39m
        [33mtype[39m=[32m"button"[39m
      [36m/>[39m

      Name "Shove the Box":
      [36m<button[39m
        [33mclass[39m=[32m"btn btn-primary"[39m
        [33mtype[39m=[32m"button"[39m
      [36m/>[39m

      --------------------------------------------------
      heading:

      Name "Double Half":
      [36m<h3 />[39m

      Name "Choose Team":
      [36m<h3 />[39m

      Name "Colored Box":
      [36m<h3 />[39m

      Name "Shove Box":
      [36m<h3 />[39m

      --------------------------------------------------

    Ignored nodes: comments, <script />, <style />
    [36m<body>[39m
      [36m<div>[39m
        [36m<div[39m
          [33mclass[39m=[32m"App"[39m
        [36m>[39m
          [36m<header[39m
            [33mclass[39m=[32m"App-header"[39m
          [36m>[39m
            [0mUD CISC275 with React Hooks and TypeScript, Sydni Wright[0m
          [36m</header>[39m
          [36m<span>[39m
            [36m<button[39m
              [33mclass[39m=[32m"btn btn-primary"[39m
              [33mtype[39m=[32m"button"[39m
            [36m>[39m
              [0mAdd One[0m
            [36m</button>[39m
            [0mto [0m
            [0m0[0m
            [0m.[0m
          [36m</span>[39m
          [36m<div>[39m
            [36m<button[39m
              [33mclass[39m=[32m"btn btn-primary"[39m
              [33mtype[39m=[32m"button"[39m
            [36m>[39m
              [0mReveal Answer[0m
            [36m</button>[39m
          [36m</div>[39m
          [36m<div>[39m
            [36m<button[39m
              [33mclass[39m=[32m"btn btn-primary"[39m
              [33mtype[39m=[32m"button"[39m
            [36m>[39m
              [0mChange Type[0m
            [36m</button>[39m
            [36m<div>[39m
              [0mShort Answer[0m
            [36m</div>[39m
          [36m</div>[39m
          [36m<div>[39m
            [36m<div>[39m
              [36m<button[39m
                [33mclass[39m=[32m"btn btn-primary"[39m
                [33mdisabled[39m=[32m""[39m
                [33mtype[39m=[32m"button"[39m
              [36m>[39m
                [0mStop Quiz[0m
              [36m</button>[39m
              [36m<button[39m
                [33mclass[39m=[32m"btn btn-primary"[39m
                [33mtype[39m=[32m"button"[39m
              [36m>[39m
                [0mStart Quiz[0m
              [36m</button>[39m
              [36m<button[39m
                [33mclass[39m=[32m"btn btn-primary"[39m
                [33mtype[39m=[32m"button"[39m
              [36m>[39m
                [0mMulligan[0m
              [36m</button>[39m
            [36m</div>[39m
            [36m<div>[39m
              [0mAttempts: [0m
              [0m4[0m
            [36m</div>[39m
          [36m</div>[39m
          [36m<div>[39m
            [36m<div>[39m
              [36m<span[39m
                [33mdata-testid[39m=[32m"left-die"[39m
              [36m>[39m
                [0m0[0m
              [36m</span>[39m
              [36m<button[39m
                [33mclass[39m=[32m"btn btn-primary"[39m
                [33mtype[39m=[32m"button"[39m
              [36m>[39m
                [0m Roll Left[0m
              [36m</button>[39m
            [36m</div>[39m
            [36m<div>[39m
              [36m<span[39m
                [33mdata-testid[39m=[32m"right-die"[39m
              [36m>[39m
                [0m1[0m
              [36m</span>[39m
              [36m<button[39m
                [33mclass[39m=[32m"btn btn-primary"[39m
                [33mtype[39m=[32m"button"[39m
              [36m>[39m
                [0mRoll Right[0m
              [36m</button>[39m
            [36m</div>[39m
            [36m<div>[39m
              [0mTry Again[0m
            [36m</div>[39m
          [36m</div>[39m
          [36m<div>[39m
            [0mHoliday: [0m
            [36m<span>[39m
              [0m🎄[0m
            [36m</span>[39m
            [36m<div>[39m
              [36m<button[39m
                [33mclass[39m=[32m"btn btn-primary"[39m
                [33mtype[39m=[32m"button"[39m
              [36m>[39m
                [0m Advance by Alphabet [0m
              [36m</button>[39m
            [36m</div>[39m
            [36m<div>[39m
              [36m<button[39m
                [33mclass[39m=[32m"btn btn-primary"[39m
                [33mtype[39m=[32m"button"[39m
              [36m>[39m
                [0m Advance by Year [0m
              [36m</button>[39m
            [36m</div>[39m
          [36m</div>[39m
          [36m<div>[39m
            [36m<h3>[39m
              [0mDouble Half[0m
            [36m</h3>[39m
            [36m<div>[39m
              [36m<button[39m
                [33mclass[39m=[32m"btn btn-primary"[39m
                [33mtype[39m=[32m"button"[39m
              [36m>[39m
                [0mDoubler[0m
              [36m</button>[39m
              [36m<button[39m
                [33mclass[39m=[32m"btn btn-primary"[39m
                [33mtype[39m=[32m"button"[39m
              [36m>[39m
                [0mHalver[0m
              [36m</button>[39m
            [36m</div>[39m
            [36m<div>[39m
              [0mThe current value is: [0m
              [36m<span>[39m
                [0m10[0m
              [36m</span>[39m
            [36m</div>[39m
          [36m</div>[39m
          [36m<div>[39m
            [36m<h3>[39m
              [0mChoose Team[0m
            [36m</h3>[39m
            [36m<div[39m
              [33mclass[39m=[32m"row"[39m
            [36m>[39m
              [36m<div[39m
                [33mclass[39m=[32m"col"[39m
              [36m>[39m
                [36m<div[39m
                  [33mstyle[39m=[32m"margin-bottom: 4px;"[39m
                [36m>[39m
                  [0mAdd[0m
                  [0m [0m
                  [36m<button[39m
                    [33mclass[39m=[32m"btn btn-primary btn-sm"[39m
                    [33mtype[39m=[32m"button"[39m
                  [36m>[39m
                    [0mAlan Turing[0m
                  [36m</button>[39m
                [36m</div>[39m
                [36m<div[39m
                  [33mstyle[39m=[32m"margin-bottom: 4px;"[39m
                [36m>[39m
                  [0mAdd[0m
                  [0m [0m
                  [36m<button[39m
                    [33mclass[39m=[32m"btn btn-primary btn-sm"[39m
                    [33mtype[39m=[32m"button"[39m
                  [36m>[39m
                    [0mGrace Hopper[0m
                  [36m</button>[39m
                [36m</div>[39m
                [36m<div[39m
                  [33mstyle[39m=[32m"margin-bottom: 4px;"[39m
                [36m>[39m
                  [0mAdd[0m
                  [0m [0m
                  [36m<button[39m
                    [33mclass[39m=[32m"btn btn-primary btn-sm"[39m
                    [33mtype[39m=[32m"button"[39m
                  [36m>[39m
                    [0mAda Lovelace[0m
                  [36m</button>[39m
                [36m</div>[39m
                [36m<div[39m
                  [33mstyle[39m=[32m"margin-bottom: 4px;"[39m
                [36m>[39m
                  [0mAdd[0m
                  [0m [0m
                  [36m<button[39m
                    [33mclass[39m=[32m"btn btn-primary btn-sm"[39m
                    [33mtype[39m=[32m"button"[39m
                  [36m>[39m
                    [0mCharles Babbage[0m
                  [36m</button>[39m
                [36m</div>[39m
                [36m<div[39m
                  [33mstyle[39m=[32m"margin-bottom: 4px;"[39m
                [36m>[39m
                  [0mAdd[0m
                  [0m [0m
                  [36m<button[39m
                    [33mclass[39m=[32m"btn btn-primary btn-sm"[39m
                    [33mtype[39m=[32m"button"[39m
                  [36m>[39m
                    [0mBarbara Liskov[0m
                  [36m</button>[39m
                [36m</div>[39m
                [36m<div[39m
                  [33mstyle[39m=[32m"margin-bottom: 4px;"[39m
                [36m>[39m
                  [0mAdd[0m
                  [0m [0m
                  [36m<button[39m
                    [33mclass[39m=[32m"btn btn-primary btn-sm"[39m
                    [33mtype[39m=[32m"button"[39m
                  [36m>[39m
                    [0mMargaret Hamilton[0m
                  [36m</button>[39m
                [36m</div>[39m
              [36m</div>[39m
              [36m<div[39m
                [33mclass[39m=[32m"col"[39m
              [36m>[39m
                [36m<strong>[39m
                  [0mTeam:[0m
                [36m</strong>[39m
                [36m<button[39m
                  [33mclass[39m=[32m"btn btn-primary"[39m
                  [33mtype[39m=[32m"button"[39m
                [36m>[39m
                  [0mClear Team[0m
                [36m</button>[39m
              [36m</div>[39m
            [36m</div>[39m
          [36m</div>[39m
          [36m<div>[39m
            [36m<h3>[39m
              [0mColored Box[0m
            [36m</h3>[39m
            [36m<span>[39m
              [0mThe current color is: [0m
              [36m<span>[39m
                [0mred[0m
              [36m</span>[39m
            [36m</span>[39m
            [36m<div>[39m
              [36m<button[39m
                [33mclass[39m=[32m"btn btn-primary"[39m
                [33mtype[39m=[32m"button"[39m
              [36m>[39m
                [0mNext Color[0m
              [36m</button>[39m
              [0m;[0m
              [36m<div[39m
                [33mdata-testid[39m=[32m"colored-box"[39m
                [33mstyle[39m=[32m"width: 50px; height: 50px; background-color: red; display: inline-block; vertical-align: bottom; margin-left: 5px;"[39m
              [36m/>[39m
            [36m</div>[39m
          [36m</div>[39m
          [36m<div>[39m
            [36m<h3>[39m
              [0mShove Box[0m
            [36m</h3>[39m
            [36m<span>[39m
              [0mThe box is at: [0m
              [0m10[0m
            [36m</span>[39m
            [36m<div>[39m
              [36m<button[39m
                [33mclass[39m=[32m"btn btn-primary"[39m
                [33mtype[39m=[32m"button"[39m
              [36m>[39m
                [0mShove the Box[0m
              [36m</button>[39m
              [36m<div[39m
                [33mdata-testid[39m=[32m"moveable-box"[39m
                [33mstyle[39m=[32m"width: 50px; height: 50px; background-color: lightblue; border: 1px solid blue; display: inline-block; vertical-align: bottom; margin-left: 10px;"[39m
              [36m/>[39m
            [36m</div>[39m
          [36m</div>[39m
        [36m</div>[39m
      [36m</div>[39m
    [36m</body>[39m

      39 |     test("There is one bootstrap button with the text 'Log Hello World'", () => {
      40 |         render(<App />);
    > 41 |         const button = screen.getByRole("button", { name: /Log Hello World/i });
         |                               ^
      42 |         expect(button).toBeInTheDocument();
      43 |         expect(button).toHaveClass("btn");
      44 |         expect(button).toHaveClass("btn-primary");

      at Object.getElementError (node_modules/@testing-library/dom/dist/config.js:38:19)
      at node_modules/@testing-library/dom/dist/query-helpers.js:90:38
      at node_modules/@testing-library/dom/dist/query-helpers.js:62:17
      at getByRole (node_modules/@testing-library/dom/dist/query-helpers.js:111:19)
      at Object.<anonymous> (src/HtmlCss.test.tsx:41:31)

  ● Some Bootstrap Elements are added › Clicking the bootstrap button logs 'Hello World!'

    TestingLibraryElementError: Unable to find an accessible element with the role "button" and name `/Log Hello World/i`

    Here are the accessible roles:

      banner:

      Name "":
      [36m<header[39m
        [33mclass[39m=[32m"App-header"[39m
      [36m/>[39m

      --------------------------------------------------
      button:

      Name "Add One":
      [36m<button[39m
        [33mclass[39m=[32m"btn btn-primary"[39m
        [33mtype[39m=[32m"button"[39m
      [36m/>[39m

      Name "Reveal Answer":
      [36m<button[39m
        [33mclass[39m=[32m"btn btn-primary"[39m
        [33mtype[39m=[32m"button"[39m
      [36m/>[39m

      Name "Change Type":
      [36m<button[39m
        [33mclass[39m=[32m"btn btn-primary"[39m
        [33mtype[39m=[32m"button"[39m
      [36m/>[39m

      Name "Stop Quiz":
      [36m<button[39m
        [33mclass[39m=[32m"btn btn-primary"[39m
        [33mdisabled[39m=[32m""[39m
        [33mtype[39m=[32m"button"[39m
      [36m/>[39m

      Name "Start Quiz":
      [36m<button[39m
        [33mclass[39m=[32m"btn btn-primary"[39m
        [33mtype[39m=[32m"button"[39m
      [36m/>[39m

      Name "Mulligan":
      [36m<button[39m
        [33mclass[39m=[32m"btn btn-primary"[39m
        [33mtype[39m=[32m"button"[39m
      [36m/>[39m

      Name "Roll Left":
      [36m<button[39m
        [33mclass[39m=[32m"btn btn-primary"[39m
        [33mtype[39m=[32m"button"[39m
      [36m/>[39m

      Name "Roll Right":
      [36m<button[39m
        [33mclass[39m=[32m"btn btn-primary"[39m
        [33mtype[39m=[32m"button"[39m
      [36m/>[39m

      Name "Advance by Alphabet":
      [36m<button[39m
        [33mclass[39m=[32m"btn btn-primary"[39m
        [33mtype[39m=[32m"button"[39m
      [36m/>[39m

      Name "Advance by Year":
      [36m<button[39m
        [33mclass[39m=[32m"btn btn-primary"[39m
        [33mtype[39m=[32m"button"[39m
      [36m/>[39m

      Name "Doubler":
      [36m<button[39m
        [33mclass[39m=[32m"btn btn-primary"[39m
        [33mtype[39m=[32m"button"[39m
      [36m/>[39m

      Name "Halver":
      [36m<button[39m
        [33mclass[39m=[32m"btn btn-primary"[39m
        [33mtype[39m=[32m"button"[39m
      [36m/>[39m

      Name "Alan Turing":
      [36m<button[39m
        [33mclass[39m=[32m"btn btn-primary btn-sm"[39m
        [33mtype[39m=[32m"button"[39m
      [36m/>[39m

      Name "Grace Hopper":
      [36m<button[39m
        [33mclass[39m=[32m"btn btn-primary btn-sm"[39m
        [33mtype[39m=[32m"button"[39m
      [36m/>[39m

      Name "Ada Lovelace":
      [36m<button[39m
        [33mclass[39m=[32m"btn btn-primary btn-sm"[39m
        [33mtype[39m=[32m"button"[39m
      [36m/>[39m

      Name "Charles Babbage":
      [36m<button[39m
        [33mclass[39m=[32m"btn btn-primary btn-sm"[39m
        [33mtype[39m=[32m"button"[39m
      [36m/>[39m

      Name "Barbara Liskov":
      [36m<button[39m
        [33mclass[39m=[32m"btn btn-primary btn-sm"[39m
        [33mtype[39m=[32m"button"[39m
      [36m/>[39m

      Name "Margaret Hamilton":
      [36m<button[39m
        [33mclass[39m=[32m"btn btn-primary btn-sm"[39m
        [33mtype[39m=[32m"button"[39m
      [36m/>[39m

      Name "Clear Team":
      [36m<button[39m
        [33mclass[39m=[32m"btn btn-primary"[39m
        [33mtype[39m=[32m"button"[39m
      [36m/>[39m

      Name "Next Color":
      [36m<button[39m
        [33mclass[39m=[32m"btn btn-primary"[39m
        [33mtype[39m=[32m"button"[39m
      [36m/>[39m

      Name "Shove the Box":
      [36m<button[39m
        [33mclass[39m=[32m"btn btn-primary"[39m
        [33mtype[39m=[32m"button"[39m
      [36m/>[39m

      --------------------------------------------------
      heading:

      Name "Double Half":
      [36m<h3 />[39m

      Name "Choose Team":
      [36m<h3 />[39m

      Name "Colored Box":
      [36m<h3 />[39m

      Name "Shove Box":
      [36m<h3 />[39m

      --------------------------------------------------

    Ignored nodes: comments, <script />, <style />
    [36m<body>[39m
      [36m<div>[39m
        [36m<div[39m
          [33mclass[39m=[32m"App"[39m
        [36m>[39m
          [36m<header[39m
            [33mclass[39m=[32m"App-header"[39m
          [36m>[39m
            [0mUD CISC275 with React Hooks and TypeScript, Sydni Wright[0m
          [36m</header>[39m
          [36m<span>[39m
            [36m<button[39m
              [33mclass[39m=[32m"btn btn-primary"[39m
              [33mtype[39m=[32m"button"[39m
            [36m>[39m
              [0mAdd One[0m
            [36m</button>[39m
            [0mto [0m
            [0m0[0m
            [0m.[0m
          [36m</span>[39m
          [36m<div>[39m
            [36m<button[39m
              [33mclass[39m=[32m"btn btn-primary"[39m
              [33mtype[39m=[32m"button"[39m
            [36m>[39m
              [0mReveal Answer[0m
            [36m</button>[39m
          [36m</div>[39m
          [36m<div>[39m
            [36m<button[39m
              [33mclass[39m=[32m"btn btn-primary"[39m
              [33mtype[39m=[32m"button"[39m
            [36m>[39m
              [0mChange Type[0m
            [36m</button>[39m
            [36m<div>[39m
              [0mShort Answer[0m
            [36m</div>[39m
          [36m</div>[39m
          [36m<div>[39m
            [36m<div>[39m
              [36m<button[39m
                [33mclass[39m=[32m"btn btn-primary"[39m
                [33mdisabled[39m=[32m""[39m
                [33mtype[39m=[32m"button"[39m
              [36m>[39m
                [0mStop Quiz[0m
              [36m</button>[39m
              [36m<button[39m
                [33mclass[39m=[32m"btn btn-primary"[39m
                [33mtype[39m=[32m"button"[39m
              [36m>[39m
                [0mStart Quiz[0m
              [36m</button>[39m
              [36m<button[39m
                [33mclass[39m=[32m"btn btn-primary"[39m
                [33mtype[39m=[32m"button"[39m
              [36m>[39m
                [0mMulligan[0m
              [36m</button>[39m
            [36m</div>[39m
            [36m<div>[39m
              [0mAttempts: [0m
              [0m4[0m
            [36m</div>[39m
          [36m</div>[39m
          [36m<div>[39m
            [36m<div>[39m
              [36m<span[39m
                [33mdata-testid[39m=[32m"left-die"[39m
              [36m>[39m
                [0m0[0m
              [36m</span>[39m
              [36m<button[39m
                [33mclass[39m=[32m"btn btn-primary"[39m
                [33mtype[39m=[32m"button"[39m
              [36m>[39m
                [0m Roll Left[0m
              [36m</button>[39m
            [36m</div>[39m
            [36m<div>[39m
              [36m<span[39m
                [33mdata-testid[39m=[32m"right-die"[39m
              [36m>[39m
                [0m1[0m
              [36m</span>[39m
              [36m<button[39m
                [33mclass[39m=[32m"btn btn-primary"[39m
                [33mtype[39m=[32m"button"[39m
              [36m>[39m
                [0mRoll Right[0m
              [36m</button>[39m
            [36m</div>[39m
            [36m<div>[39m
              [0mTry Again[0m
            [36m</div>[39m
          [36m</div>[39m
          [36m<div>[39m
            [0mHoliday: [0m
            [36m<span>[39m
              [0m🎄[0m
            [36m</span>[39m
            [36m<div>[39m
              [36m<button[39m
                [33mclass[39m=[32m"btn btn-primary"[39m
                [33mtype[39m=[32m"button"[39m
              [36m>[39m
                [0m Advance by Alphabet [0m
              [36m</button>[39m
            [36m</div>[39m
            [36m<div>[39m
              [36m<button[39m
                [33mclass[39m=[32m"btn btn-primary"[39m
                [33mtype[39m=[32m"button"[39m
              [36m>[39m
                [0m Advance by Year [0m
              [36m</button>[39m
            [36m</div>[39m
          [36m</div>[39m
          [36m<div>[39m
            [36m<h3>[39m
              [0mDouble Half[0m
            [36m</h3>[39m
            [36m<div>[39m
              [36m<button[39m
                [33mclass[39m=[32m"btn btn-primary"[39m
                [33mtype[39m=[32m"button"[39m
              [36m>[39m
                [0mDoubler[0m
              [36m</button>[39m
              [36m<button[39m
                [33mclass[39m=[32m"btn btn-primary"[39m
                [33mtype[39m=[32m"button"[39m
              [36m>[39m
                [0mHalver[0m
              [36m</button>[39m
            [36m</div>[39m
            [36m<div>[39m
              [0mThe current value is: [0m
              [36m<span>[39m
                [0m10[0m
              [36m</span>[39m
            [36m</div>[39m
          [36m</div>[39m
          [36m<div>[39m
            [36m<h3>[39m
              [0mChoose Team[0m
            [36m</h3>[39m
            [36m<div[39m
              [33mclass[39m=[32m"row"[39m
            [36m>[39m
              [36m<div[39m
                [33mclass[39m=[32m"col"[39m
              [36m>[39m
                [36m<div[39m
                  [33mstyle[39m=[32m"margin-bottom: 4px;"[39m
                [36m>[39m
                  [0mAdd[0m
                  [0m [0m
                  [36m<button[39m
                    [33mclass[39m=[32m"btn btn-primary btn-sm"[39m
                    [33mtype[39m=[32m"button"[39m
                  [36m>[39m
                    [0mAlan Turing[0m
                  [36m</button>[39m
                [36m</div>[39m
                [36m<div[39m
                  [33mstyle[39m=[32m"margin-bottom: 4px;"[39m
                [36m>[39m
                  [0mAdd[0m
                  [0m [0m
                  [36m<button[39m
                    [33mclass[39m=[32m"btn btn-primary btn-sm"[39m
                    [33mtype[39m=[32m"button"[39m
                  [36m>[39m
                    [0mGrace Hopper[0m
                  [36m</button>[39m
                [36m</div>[39m
                [36m<div[39m
                  [33mstyle[39m=[32m"margin-bottom: 4px;"[39m
                [36m>[39m
                  [0mAdd[0m
                  [0m [0m
                  [36m<button[39m
                    [33mclass[39m=[32m"btn btn-primary btn-sm"[39m
                    [33mtype[39m=[32m"button"[39m
                  [36m>[39m
                    [0mAda Lovelace[0m
                  [36m</button>[39m
                [36m</div>[39m
                [36m<div[39m
                  [33mstyle[39m=[32m"margin-bottom: 4px;"[39m
                [36m>[39m
                  [0mAdd[0m
                  [0m [0m
                  [36m<button[39m
                    [33mclass[39m=[32m"btn btn-primary btn-sm"[39m
                    [33mtype[39m=[32m"button"[39m
                  [36m>[39m
                    [0mCharles Babbage[0m
                  [36m</button>[39m
                [36m</div>[39m
                [36m<div[39m
                  [33mstyle[39m=[32m"margin-bottom: 4px;"[39m
                [36m>[39m
                  [0mAdd[0m
                  [0m [0m
                  [36m<button[39m
                    [33mclass[39m=[32m"btn btn-primary btn-sm"[39m
                    [33mtype[39m=[32m"button"[39m
                  [36m>[39m
                    [0mBarbara Liskov[0m
                  [36m</button>[39m
                [36m</div>[39m
                [36m<div[39m
                  [33mstyle[39m=[32m"margin-bottom: 4px;"[39m
                [36m>[39m
                  [0mAdd[0m
                  [0m [0m
                  [36m<button[39m
                    [33mclass[39m=[32m"btn btn-primary btn-sm"[39m
                    [33mtype[39m=[32m"button"[39m
                  [36m>[39m
                    [0mMargaret Hamilton[0m
                  [36m</button>[39m
                [36m</div>[39m
              [36m</div>[39m
              [36m<div[39m
                [33mclass[39m=[32m"col"[39m
              [36m>[39m
                [36m<strong>[39m
                  [0mTeam:[0m
                [36m</strong>[39m
                [36m<button[39m
                  [33mclass[39m=[32m"btn btn-primary"[39m
                  [33mtype[39m=[32m"button"[39m
                [36m>[39m
                  [0mClear Team[0m
                [36m</button>[39m
              [36m</div>[39m
            [36m</div>[39m
          [36m</div>[39m
          [36m<div>[39m
            [36m<h3>[39m
              [0mColored Box[0m
            [36m</h3>[39m
            [36m<span>[39m
              [0mThe current color is: [0m
              [36m<span>[39m
                [0mred[0m
              [36m</span>[39m
            [36m</span>[39m
            [36m<div>[39m
              [36m<button[39m
                [33mclass[39m=[32m"btn btn-primary"[39m
                [33mtype[39m=[32m"button"[39m
              [36m>[39m
                [0mNext Color[0m
              [36m</button>[39m
              [0m;[0m
              [36m<div[39m
                [33mdata-testid[39m=[32m"colored-box"[39m
                [33mstyle[39m=[32m"width: 50px; height: 50px; background-color: red; display: inline-block; vertical-align: bottom; margin-left: 5px;"[39m
              [36m/>[39m
            [36m</div>[39m
          [36m</div>[39m
          [36m<div>[39m
            [36m<h3>[39m
              [0mShove Box[0m
            [36m</h3>[39m
            [36m<span>[39m
              [0mThe box is at: [0m
              [0m10[0m
            [36m</span>[39m
            [36m<div>[39m
              [36m<button[39m
                [33mclass[39m=[32m"btn btn-primary"[39m
                [33mtype[39m=[32m"button"[39m
              [36m>[39m
                [0mShove the Box[0m
              [36m</button>[39m
              [36m<div[39m
                [33mdata-testid[39m=[32m"moveable-box"[39m
                [33mstyle[39m=[32m"width: 50px; height: 50px; background-color: lightblue; border: 1px solid blue; display: inline-block; vertical-align: bottom; margin-left: 10px;"[39m
              [36m/>[39m
            [36m</div>[39m
          [36m</div>[39m
        [36m</div>[39m
      [36m</div>[39m
    [36m</body>[39m

      54 |         const consoleSpy = jest.spyOn(console, "log");
      55 |         render(<App />);
    > 56 |         const button = screen.getByRole("button", { name: /Log Hello World/i });
         |                               ^
      57 |         userEvent.click(button);
      58 |         expect(consoleSpy).toHaveBeenCalledWith("Hello World!");
      59 |     });

      at Object.getElementError (node_modules/@testing-library/dom/dist/config.js:38:19)
      at node_modules/@testing-library/dom/dist/query-helpers.js:90:38
      at node_modules/@testing-library/dom/dist/query-helpers.js:62:17
      at getByRole (node_modules/@testing-library/dom/dist/query-helpers.js:111:19)
      at Object.<anonymous> (src/HtmlCss.test.tsx:56:31)

PASS src/functions.test.ts
PASS src/components/ChangeType.test.tsx
FAIL src/components/CycleHoliday.test.tsx
  ● CycleHoliday Component tests › An initial holiday is displayed

    TestingLibraryElementError: Unable to find an element with the text: /Holiday: (.*)/i. This could be because the text is broken up by multiple elements. In this case, you can provide a function for your text matcher to make your matcher more flexible.

    Ignored nodes: comments, <script />, <style />
    [36m<body>[39m
      [36m<div>[39m
        [36m<div>[39m
          [0mHoliday: [0m
          [36m<span>[39m
            [0m🎄[0m
          [36m</span>[39m
          [36m<div>[39m
            [36m<button[39m
              [33mclass[39m=[32m"btn btn-primary"[39m
              [33mtype[39m=[32m"button"[39m
            [36m>[39m
              [0m Advance by Alphabet [0m
            [36m</button>[39m
          [36m</div>[39m
          [36m<div>[39m
            [36m<button[39m
              [33mclass[39m=[32m"btn btn-primary"[39m
              [33mtype[39m=[32m"button"[39m
            [36m>[39m
              [0m Advance by Year [0m
            [36m</button>[39m
          [36m</div>[39m
        [36m</div>[39m
      [36m</div>[39m
    [36m</body>[39m

       9 |
      10 |     test("An initial holiday is displayed", () => {
    > 11 |         const initialHoliday = screen.getByText(/Holiday: (.*)/i);
         |                                       ^
      12 |         expect(initialHoliday).toBeInTheDocument();
      13 |     });
      14 |

      at Object.getElementError (node_modules/@testing-library/dom/dist/config.js:38:19)
      at node_modules/@testing-library/dom/dist/query-helpers.js:90:38
      at node_modules/@testing-library/dom/dist/query-helpers.js:62:17
      at getByText (node_modules/@testing-library/dom/dist/query-helpers.js:111:19)
      at Object.<anonymous> (src/components/CycleHoliday.test.tsx:11:39)

PASS src/components/Counter.test.tsx
PASS src/components/RevealAnswer.test.tsx
PASS src/bad-components/ColoredBox.test.tsx
PASS src/bad-components/ShoveBox.test.tsx
FAIL src/text.test.tsx
  ● renders the text 'Hello World' somewhere

    TestingLibraryElementError: Unable to find an element with the text: /Hello World/. This could be because the text is broken up by multiple elements. In this case, you can provide a function for your text matcher to make your matcher more flexible.

    Ignored nodes: comments, <script />, <style />
    [36m<body>[39m
      [36m<div>[39m
        [36m<div[39m
          [33mclass[39m=[32m"App"[39m
        [36m>[39m
          [36m<header[39m
            [33mclass[39m=[32m"App-header"[39m
          [36m>[39m
            [0mUD CISC275 with React Hooks and TypeScript, Sydni Wright[0m
          [36m</header>[39m
          [36m<span>[39m
            [36m<button[39m
              [33mclass[39m=[32m"btn btn-primary"[39m
              [33mtype[39m=[32m"button"[39m
            [36m>[39m
              [0mAdd One[0m
            [36m</button>[39m
            [0mto [0m
            [0m0[0m
            [0m.[0m
          [36m</span>[39m
          [36m<div>[39m
            [36m<button[39m
              [33mclass[39m=[32m"btn btn-primary"[39m
              [33mtype[39m=[32m"button"[39m
            [36m>[39m
              [0mReveal Answer[0m
            [36m</button>[39m
          [36m</div>[39m
          [36m<div>[39m
            [36m<button[39m
              [33mclass[39m=[32m"btn btn-primary"[39m
              [33mtype[39m=[32m"button"[39m
            [36m>[39m
              [0mChange Type[0m
            [36m</button>[39m
            [36m<div>[39m
              [0mShort Answer[0m
            [36m</div>[39m
          [36m</div>[39m
          [36m<div>[39m
            [36m<div>[39m
              [36m<button[39m
                [33mclass[39m=[32m"btn btn-primary"[39m
                [33mdisabled[39m=[32m""[39m
                [33mtype[39m=[32m"button"[39m
              [36m>[39m
                [0mStop Quiz[0m
              [36m</button>[39m
              [36m<button[39m
                [33mclass[39m=[32m"btn btn-primary"[39m
                [33mtype[39m=[32m"button"[39m
              [36m>[39m
                [0mStart Quiz[0m
              [36m</button>[39m
              [36m<button[39m
                [33mclass[39m=[32m"btn btn-primary"[39m
                [33mtype[39m=[32m"button"[39m
              [36m>[39m
                [0mMulligan[0m
              [36m</button>[39m
            [36m</div>[39m
            [36m<div>[39m
              [0mAttempts: [0m
              [0m4[0m
            [36m</div>[39m
          [36m</div>[39m
          [36m<div>[39m
            [36m<div>[39m
              [36m<span[39m
                [33mdata-testid[39m=[32m"left-die"[39m
              [36m>[39m
                [0m0[0m
              [36m</span>[39m
              [36m<button[39m
                [33mclass[39m=[32m"btn btn-primary"[39m
                [33mtype[39m=[32m"button"[39m
              [36m>[39m
                [0m Roll Left[0m
              [36m</button>[39m
            [36m</div>[39m
            [36m<div>[39m
              [36m<span[39m
                [33mdata-testid[39m=[32m"right-die"[39m
              [36m>[39m
                [0m1[0m
              [36m</span>[39m
              [36m<button[39m
                [33mclass[39m=[32m"btn btn-primary"[39m
                [33mtype[39m=[32m"button"[39m
              [36m>[39m
                [0mRoll Right[0m
              [36m</button>[39m
            [36m</div>[39m
            [36m<div>[39m
              [0mTry Again[0m
            [36m</div>[39m
          [36m</div>[39m
          [36m<div>[39m
            [0mHoliday: [0m
            [36m<span>[39m
              [0m🎄[0m
            [36m</span>[39m
            [36m<div>[39m
              [36m<button[39m
                [33mclass[39m=[32m"btn btn-primary"[39m
                [33mtype[39m=[32m"button"[39m
              [36m>[39m
                [0m Advance by Alphabet [0m
              [36m</button>[39m
            [36m</div>[39m
            [36m<div>[39m
              [36m<button[39m
                [33mclass[39m=[32m"btn btn-primary"[39m
                [33mtype[39m=[32m"button"[39m
              [36m>[39m
                [0m Advance by Year [0m
              [36m</button>[39m
            [36m</div>[39m
          [36m</div>[39m
          [36m<div>[39m
            [36m<h3>[39m
              [0mDouble Half[0m
            [36m</h3>[39m
            [36m<div>[39m
              [36m<button[39m
                [33mclass[39m=[32m"btn btn-primary"[39m
                [33mtype[39m=[32m"button"[39m
              [36m>[39m
                [0mDoubler[0m
              [36m</button>[39m
              [36m<button[39m
                [33mclass[39m=[32m"btn btn-primary"[39m
                [33mtype[39m=[32m"button"[39m
              [36m>[39m
                [0mHalver[0m
              [36m</button>[39m
            [36m</div>[39m
            [36m<div>[39m
              [0mThe current value is: [0m
              [36m<span>[39m
                [0m10[0m
              [36m</span>[39m
            [36m</div>[39m
          [36m</div>[39m
          [36m<div>[39m
            [36m<h3>[39m
              [0mChoose Team[0m
            [36m</h3>[39m
            [36m<div[39m
              [33mclass[39m=[32m"row"[39m
            [36m>[39m
              [36m<div[39m
                [33mclass[39m=[32m"col"[39m
              [36m>[39m
                [36m<div[39m
                  [33mstyle[39m=[32m"margin-bottom: 4px;"[39m
                [36m>[39m
                  [0mAdd[0m
                  [0m [0m
                  [36m<button[39m
                    [33mclass[39m=[32m"btn btn-primary btn-sm"[39m
                    [33mtype[39m=[32m"button"[39m
                  [36m>[39m
                    [0mAlan Turing[0m
                  [36m</button>[39m
                [36m</div>[39m
                [36m<div[39m
                  [33mstyle[39m=[32m"margin-bottom: 4px;"[39m
                [36m>[39m
                  [0mAdd[0m
                  [0m [0m
                  [36m<button[39m
                    [33mclass[39m=[32m"btn btn-primary btn-sm"[39m
                    [33mtype[39m=[32m"button"[39m
                  [36m>[39m
                    [0mGrace Hopper[0m
                  [36m</button>[39m
                [36m</div>[39m
                [36m<div[39m
                  [33mstyle[39m=[32m"margin-bottom: 4px;"[39m
                [36m>[39m
                  [0mAdd[0m
                  [0m [0m
                  [36m<button[39m
                    [33mclass[39m=[32m"btn btn-primary btn-sm"[39m
                    [33mtype[39m=[32m"button"[39m
                  [36m>[39m
                    [0mAda Lovelace[0m
                  [36m</button>[39m
                [36m</div>[39m
                [36m<div[39m
                  [33mstyle[39m=[32m"margin-bottom: 4px;"[39m
                [36m>[39m
                  [0mAdd[0m
                  [0m [0m
                  [36m<button[39m
                    [33mclass[39m=[32m"btn btn-primary btn-sm"[39m
                    [33mtype[39m=[32m"button"[39m
                  [36m>[39m
                    [0mCharles Babbage[0m
                  [36m</button>[39m
                [36m</div>[39m
                [36m<div[39m
                  [33mstyle[39m=[32m"margin-bottom: 4px;"[39m
                [36m>[39m
                  [0mAdd[0m
                  [0m [0m
                  [36m<button[39m
                    [33mclass[39m=[32m"btn btn-primary btn-sm"[39m
                    [33mtype[39m=[32m"button"[39m
                  [36m>[39m
                    [0mBarbara Liskov[0m
                  [36m</button>[39m
                [36m</div>[39m
                [36m<div[39m
                  [33mstyle[39m=[32m"margin-bottom: 4px;"[39m
                [36m>[39m
                  [0mAdd[0m
                  [0m [0m
                  [36m<button[39m
                    [33mclass[39m=[32m"btn btn-primary btn-sm"[39m
                    [33mtype[39m=[32m"button"[39m
                  [36m>[39m
                    [0mMargaret Hamilton[0m
                  [36m</button>[39m
                [36m</div>[39m
              [36m</div>[39m
              [36m<div[39m
                [33mclass[39m=[32m"col"[39m
              [36m>[39m
                [36m<strong>[39m
                  [0mTeam:[0m
                [36m</strong>[39m
                [36m<button[39m
                  [33mclass[39m=[32m"btn btn-primary"[39m
                  [33mtype[39m=[32m"button"[39m
                [36m>[39m
                  [0mClear Team[0m
                [36m</button>[39m
              [36m</div>[39m
            [36m</div>[39m
          [36m</div>[39m
          [36m<div>[39m
            [36m<h3>[39m
              [0mColored Box[0m
            [36m</h3>[39m
            [36m<span>[39m
              [0mThe current color is: [0m
              [36m<span>[39m
                [0mred[0m
              [36m</span>[39m
            [36m</span>[39m
            [36m<div>[39m
              [36m<button[39m
                [33mclass[39m=[32m"btn btn-primary"[39m
                [33mtype[39m=[32m"button"[39m
              [36m>[39m
                [0mNext Color[0m
              [36m</button>[39m
              [0m;[0m
              [36m<div[39m
                [33mdata-testid[39m=[32m"colored-box"[39m
                [33mstyle[39m=[32m"width: 50px; height: 50px; background-color: red; display: inline-block; vertical-align: bottom; margin-left: 5px;"[39m
              [36m/>[39m
            [36m</div>[39m
          [36m</div>[39m
          [36m<div>[39m
            [36m<h3>[39m
              [0mShove Box[0m
            [36m</h3>[39m
            [36m<span>[39m
              [0mThe box is at: [0m
              [0m10[0m
            [36m</span>[39m
            [36m<div>[39m
              [36m<button[39m
                [33mclass[39m=[32m"btn btn-primary"[39m
                [33mtype[39m=[32m"button"[39m
              [36m>[39m
                [0mShove the Box[0m
              [36m</button>[39m
              [36m<div[39m
                [33mdata-testid[39m=[32m"moveable-box"[39m
                [33mstyle[39m=[32m"width: 50px; height: 50px; background-color: lightblue; border: 1px solid blue; display: inline-block; vertical-align: bottom; margin-left: 10px;"[39m
              [36m/>[39m
            [36m</div>[39m
          [36m</div>[39m
        [36m</div>[39m
      [36m</div>[39m
    [36m</body>[39m

       5 | test("renders the text 'Hello World' somewhere", () => {
       6 |     render(<App />);
    >  7 |     const texts = screen.getAllByText(/Hello World/);
         |                          ^
       8 |     expect(texts.length).toBeGreaterThanOrEqual(1);
       9 | });
      10 |

      at Object.getElementError (node_modules/@testing-library/dom/dist/config.js:38:19)
      at node_modules/@testing-library/dom/dist/query-helpers.js:90:38
      at getAllByText (node_modules/@testing-library/dom/dist/query-helpers.js:130:15)
      at Object.<anonymous> (src/text.test.tsx:7:26)

PASS src/App.test.tsx
--------------------|---------|----------|---------|---------|-------------------
File                | % Stmts | % Branch | % Funcs | % Lines | Uncovered Line #s 
--------------------|---------|----------|---------|---------|-------------------
All files           |   99.15 |    92.66 |     100 |   99.12 |                   
 src                |    98.9 |    91.95 |     100 |   98.84 |                   
  App.tsx           |     100 |      100 |     100 |     100 |                   
  arrays.ts         |     100 |      100 |     100 |     100 |                   
  functions.ts      |   89.28 |    83.72 |     100 |   89.28 | 21,27,29          
  nested.ts         |     100 |      100 |     100 |     100 |                   
  objects.ts        |     100 |      100 |     100 |     100 |                   
 src/bad-components |     100 |       50 |     100 |     100 |                   
  ChooseTeam.tsx    |     100 |       50 |     100 |     100 | 19                
  ColoredBox.tsx    |     100 |      100 |     100 |     100 |                   
  DoubleHalf.tsx    |     100 |      100 |     100 |     100 |                   
  ShoveBox.tsx      |     100 |      100 |     100 |     100 |                   
 src/components     |     100 |      100 |     100 |     100 |                   
  ChangeType.tsx    |     100 |      100 |     100 |     100 |                   
  Counter.tsx       |     100 |      100 |     100 |     100 |                   
  CycleHoliday.tsx  |     100 |      100 |     100 |     100 |                   
  RevealAnswer.tsx  |     100 |      100 |     100 |     100 |                   
  StartAttempt.tsx  |     100 |      100 |     100 |     100 |                   
  TwoDice.tsx       |     100 |      100 |     100 |     100 |                   
 src/interfaces     |       0 |        0 |       0 |       0 |                   
  answer.ts         |       0 |        0 |       0 |       0 |                   
  question.ts       |       0 |        0 |       0 |       0 |                   
--------------------|---------|----------|---------|---------|-------------------

Test Suites: 3 failed, 14 passed, 17 total
Tests:       7 failed, 111 passed, 118 total
Snapshots:   0 total
Time:        12.691 s
Ran all test suites.
